[    0.000000] Linux version 4.15.0-128-generic (buildd@lcy01-amd64-025) (gcc version 7.5.0 (Ubuntu 7.5.0-3ubuntu1~18.04)) #131-Ubuntu SMP Wed Dec 9 06:57:35 UTC 2020 (Ubuntu 4.15.0-128.131-generic 4.15.18)
[    0.000000] Command line: BOOT_IMAGE=/boot/vmlinuz-4.15.0-128-generic root=UUID=14169865-3153-4713-8df9-211727602ff8 ro console=tty1 console=ttyS0
[    0.000000] KERNEL supported cpus:
[    0.000000]   Intel GenuineIntel
[    0.000000]   AMD AuthenticAMD
[    0.000000]   Centaur CentaurHauls
[    0.000000] x86/fpu: Supporting XSAVE feature 0x001: 'x87 floating point registers'
[    0.000000] x86/fpu: Supporting XSAVE feature 0x002: 'SSE registers'
[    0.000000] x86/fpu: Supporting XSAVE feature 0x004: 'AVX registers'
[    0.000000] x86/fpu: xstate_offset[2]:  576, xstate_sizes[2]:  256
[    0.000000] x86/fpu: Enabled xstate features 0x7, context size is 832 bytes, using 'standard' format.
[    0.000000] e820: BIOS-provided physical RAM map:
[    0.000000] BIOS-e820: [mem 0x0000000000000000-0x000000000009fbff] usable
[    0.000000] BIOS-e820: [mem 0x000000000009fc00-0x000000000009ffff] reserved
[    0.000000] BIOS-e820: [mem 0x00000000000f0000-0x00000000000fffff] reserved
[    0.000000] BIOS-e820: [mem 0x0000000000100000-0x000000001ffeffff] usable
[    0.000000] BIOS-e820: [mem 0x000000001fff0000-0x000000001fffffff] ACPI data
[    0.000000] BIOS-e820: [mem 0x00000000fec00000-0x00000000fec00fff] reserved
[    0.000000] BIOS-e820: [mem 0x00000000fee00000-0x00000000fee00fff] reserved
[    0.000000] BIOS-e820: [mem 0x00000000fffc0000-0x00000000ffffffff] reserved
[    0.000000] NX (Execute Disable) protection: active
[    0.000000] SMBIOS 2.5 present.
[    0.000000] DMI: innotek GmbH VirtualBox/VirtualBox, BIOS VirtualBox 12/01/2006
[    0.000000] Hypervisor detected: KVM
[    0.000000] e820: last_pfn = 0x1fff0 max_arch_pfn = 0x400000000
[    0.000000] MTRR: Disabled
[    0.000000] x86/PAT: MTRRs disabled, skipping PAT initialization too.
[    0.000000] CPU MTRRs all blank - virtualized system.
[    0.000000] x86/PAT: Configuration [0-7]: WB  WT  UC- UC  WB  WT  UC- UC  
[    0.000000] found SMP MP-table at [mem 0x0009fff0-0x0009ffff]
[    0.000000] Scanning 1 areas for low memory corruption
[    0.000000] RAMDISK: [mem 0x1dad1000-0x1ee1afff]
[    0.000000] ACPI: Early table checksum verification disabled
[    0.000000] ACPI: RSDP 0x00000000000E0000 000024 (v02 VBOX  )
[    0.000000] ACPI: XSDT 0x000000001FFF0030 00003C (v01 VBOX   VBOXXSDT 00000001 ASL  00000061)
[    0.000000] ACPI: FACP 0x000000001FFF00F0 0000F4 (v04 VBOX   VBOXFACP 00000001 ASL  00000061)
[    0.000000] ACPI: DSDT 0x000000001FFF0470 002325 (v02 VBOX   VBOXBIOS 00000002 INTL 20100528)
[    0.000000] ACPI: FACS 0x000000001FFF0200 000040
[    0.000000] ACPI: FACS 0x000000001FFF0200 000040
[    0.000000] ACPI: APIC 0x000000001FFF0240 000054 (v02 VBOX   VBOXAPIC 00000001 ASL  00000061)
[    0.000000] ACPI: SSDT 0x000000001FFF02A0 0001CC (v01 VBOX   VBOXCPUT 00000002 INTL 20100528)
[    0.000000] No NUMA configuration found
[    0.000000] Faking a node at [mem 0x0000000000000000-0x000000001ffeffff]
[    0.000000] NODE_DATA(0) allocated [mem 0x1ffc5000-0x1ffeffff]
[    0.000000] kvm-clock: cpu 0, msr 0:1ff44001, primary cpu clock
[    0.000000] kvm-clock: Using msrs 4b564d01 and 4b564d00
[    0.000000] kvm-clock: using sched offset of 3781167672 cycles
[    0.000000] clocksource: kvm-clock: mask: 0xffffffffffffffff max_cycles: 0x1cd42e4dffb, max_idle_ns: 881590591483 ns
[    0.000000] Zone ranges:
[    0.000000]   DMA      [mem 0x0000000000001000-0x0000000000ffffff]
[    0.000000]   DMA32    [mem 0x0000000001000000-0x000000001ffeffff]
[    0.000000]   Normal   empty
[    0.000000]   Device   empty
[    0.000000] Movable zone start for each node
[    0.000000] Early memory node ranges
[    0.000000]   node   0: [mem 0x0000000000001000-0x000000000009efff]
[    0.000000]   node   0: [mem 0x0000000000100000-0x000000001ffeffff]
[    0.000000] Reserved but unavailable: 98 pages
[    0.000000] Initmem setup node 0 [mem 0x0000000000001000-0x000000001ffeffff]
[    0.000000] ACPI: PM-Timer IO Port: 0x4008
[    0.000000] IOAPIC[0]: apic_id 1, version 32, address 0xfec00000, GSI 0-23
[    0.000000] ACPI: INT_SRC_OVR (bus 0 bus_irq 0 global_irq 2 dfl dfl)
[    0.000000] ACPI: INT_SRC_OVR (bus 0 bus_irq 9 global_irq 9 low level)
[    0.000000] Using ACPI (MADT) for SMP configuration information
[    0.000000] smpboot: Allowing 1 CPUs, 0 hotplug CPUs
[    0.000000] PM: Registered nosave memory: [mem 0x00000000-0x00000fff]
[    0.000000] PM: Registered nosave memory: [mem 0x0009f000-0x0009ffff]
[    0.000000] PM: Registered nosave memory: [mem 0x000a0000-0x000effff]
[    0.000000] PM: Registered nosave memory: [mem 0x000f0000-0x000fffff]
[    0.000000] e820: [mem 0x20000000-0xfebfffff] available for PCI devices
[    0.000000] Booting paravirtualized kernel on KVM
[    0.000000] clocksource: refined-jiffies: mask: 0xffffffff max_cycles: 0xffffffff, max_idle_ns: 7645519600211568 ns
[    0.000000] random: get_random_bytes called from start_kernel+0x99/0x500 with crng_init=0
[    0.000000] setup_percpu: NR_CPUS:8192 nr_cpumask_bits:1 nr_cpu_ids:1 nr_node_ids:1
[    0.000000] percpu: Embedded 45 pages/cpu s147456 r8192 d28672 u2097152
[    0.000000] PV qspinlock hash table entries: 256 (order: 0, 4096 bytes)
[    0.000000] Built 1 zonelists, mobility grouping on.  Total pages: 128889
[    0.000000] Policy zone: DMA32
[    0.000000] Kernel command line: BOOT_IMAGE=/boot/vmlinuz-4.15.0-128-generic root=UUID=14169865-3153-4713-8df9-211727602ff8 ro console=tty1 console=ttyS0
[    0.000000] Memory: 466568K/523832K available (12300K kernel code, 2492K rwdata, 4264K rodata, 2440K init, 2724K bss, 57264K reserved, 0K cma-reserved)
[    0.000000] SLUB: HWalign=64, Order=0-3, MinObjects=0, CPUs=1, Nodes=1
[    0.000000] Kernel/User page tables isolation: enabled
[    0.000000] ftrace: allocating 39406 entries in 154 pages
[    0.004000] Hierarchical RCU implementation.
[    0.004000] 	RCU restricting CPUs from NR_CPUS=8192 to nr_cpu_ids=1.
[    0.004000] 	Tasks RCU enabled.
[    0.004000] RCU: Adjusting geometry for rcu_fanout_leaf=16, nr_cpu_ids=1
[    0.004000] NR_IRQS: 524544, nr_irqs: 256, preallocated irqs: 16
[    0.004000] Console: colour VGA+ 80x25
[    0.004000] console [tty1] enabled
[    0.004000] console [ttyS0] enabled
[    0.004000] ACPI: Core revision 20170831
[    0.004000] ACPI: 2 ACPI AML tables successfully acquired and loaded
[    0.004000] APIC: Switch to symmetric I/O mode setup
[    0.004000] x2apic enabled
[    0.004000] Switched APIC routing to physical x2apic.
[    0.004000] ..TIMER: vector=0x30 apic1=0 pin1=2 apic2=-1 pin2=-1
[    0.004004] tsc: Detected 1800.000 MHz processor
[    0.004941] Calibrating delay loop (skipped) preset value.. 3600.00 BogoMIPS (lpj=7200000)
[    0.005839] pid_max: default: 32768 minimum: 301
[    0.008037] Security Framework initialized
[    0.008831] Yama: becoming mindful.
[    0.009525] AppArmor: AppArmor initialized
[    0.010712] Dentry cache hash table entries: 65536 (order: 7, 524288 bytes)
[    0.012038] Inode-cache hash table entries: 32768 (order: 6, 262144 bytes)
[    0.013327] Mount-cache hash table entries: 1024 (order: 1, 8192 bytes)
[    0.014483] Mountpoint-cache hash table entries: 1024 (order: 1, 8192 bytes)
[    0.016263] process: using mwait in idle threads
[    0.017080] Last level iTLB entries: 4KB 64, 2MB 8, 4MB 8
[    0.018058] Last level dTLB entries: 4KB 64, 2MB 0, 4MB 0, 1GB 4
[    0.019290] Spectre V1 : Mitigation: usercopy/swapgs barriers and __user pointer sanitization
[    0.020005] Spectre V2 : Mitigation: Full generic retpoline
[    0.020991] Spectre V2 : Spectre v2 / SpectreRSB mitigation: Filling RSB on context switch
[    0.024002] Speculative Store Bypass: Vulnerable
[    0.024897] SRBDS: Unknown: Dependent on hypervisor status
[    0.025839] MDS: Mitigation: Clear CPU buffers
[    0.042106] Freeing SMP alternatives memory: 36K
[    0.152445] smpboot: CPU0: Intel(R) Core(TM) i5-8250U CPU @ 1.60GHz (family: 0x6, model: 0x8e, stepping: 0xa)
[    0.154492] Performance Events: unsupported p6 CPU model 142 no PMU driver, software events only.
[    0.156000] Hierarchical SRCU implementation.
[    0.156544] NMI watchdog: Perf event create on CPU 0 failed with -2
[    0.157738] NMI watchdog: Perf NMI watchdog permanently disabled
[    0.159060] smp: Bringing up secondary CPUs ...
[    0.160003] smp: Brought up 1 node, 1 CPU
[    0.160831] smpboot: Max logical packages: 1
[    0.161718] smpboot: Total of 1 processors activated (3600.00 BogoMIPS)
[    0.163140] devtmpfs: initialized
[    0.164056] x86/mm: Memory block size: 128MB
[    0.165079] evm: security.selinux
[    0.165752] evm: security.SMACK64
[    0.166476] evm: security.SMACK64EXEC
[    0.168005] evm: security.SMACK64TRANSMUTE
[    0.168945] evm: security.SMACK64MMAP
[    0.169822] evm: security.apparmor
[    0.170604] evm: security.ima
[    0.172004] evm: security.capability
[    0.172974] clocksource: jiffies: mask: 0xffffffff max_cycles: 0xffffffff, max_idle_ns: 7645041785100000 ns
[    0.174901] futex hash table entries: 256 (order: 2, 16384 bytes)
[    0.176048] pinctrl core: initialized pinctrl subsystem
[    0.177266] RTC time: 16:07:15, date: 12/17/20
[    0.178205] NET: Registered protocol family 16
[    0.179290] audit: initializing netlink subsys (disabled)
[    0.180141] cpuidle: using governor ladder
[    0.181127] cpuidle: using governor menu
[    0.182056] ACPI: bus type PCI registered
[    0.182873] acpiphp: ACPI Hot Plug PCI Controller Driver version: 0.5
[    0.184010] audit: type=2000 audit(1608221240.162:1): state=initialized audit_enabled=0 res=1
[    0.185955] PCI: Using configuration type 1 for base access
[    0.188669] HugeTLB registered 2.00 MiB page size, pre-allocated 0 pages
[    0.190239] ACPI: Added _OSI(Module Device)
[    0.191181] ACPI: Added _OSI(Processor Device)
[    0.192007] ACPI: Added _OSI(3.0 _SCP Extensions)
[    0.193014] ACPI: Added _OSI(Processor Aggregator Device)
[    0.194202] ACPI: Added _OSI(Linux-Dell-Video)
[    0.195205] ACPI: Added _OSI(Linux-Lenovo-NV-HDMI-Audio)
[    0.196019] ACPI: Added _OSI(Linux-HPI-Hybrid-Graphics)
[    0.197367] ACPI: Executed 1 blocks of module-level executable AML code
[    0.203182] ACPI: Interpreter enabled
[    0.204015] ACPI: (supports S0 S5)
[    0.204778] ACPI: Using IOAPIC for interrupt routing
[    0.206412] PCI: Using host bridge windows from ACPI; if necessary, use "pci=nocrs" and report a bug
[    0.208192] ACPI: Enabled 2 GPEs in block 00 to 07
[    0.217249] ACPI: PCI Root Bridge [PCI0] (domain 0000 [bus 00-ff])
[    0.218526] acpi PNP0A03:00: _OSC: OS supports [ASPM ClockPM Segments MSI]
[    0.220112] acpi PNP0A03:00: _OSC: not requesting OS control; OS requires [ExtendedConfig ASPM ClockPM MSI]
[    0.222315] acpi PNP0A03:00: fail to add MMCONFIG information, can't access extended PCI configuration space under this bridge.
[    0.224459] PCI host bridge to bus 0000:00
[    0.225274] pci_bus 0000:00: root bus resource [io  0x0000-0x0cf7 window]
[    0.226533] pci_bus 0000:00: root bus resource [io  0x0d00-0xffff window]
[    0.228003] pci_bus 0000:00: root bus resource [mem 0x000a0000-0x000bffff window]
[    0.229668] pci_bus 0000:00: root bus resource [mem 0x20000000-0xfdffffff window]
[    0.232004] pci_bus 0000:00: root bus resource [bus 00-ff]
[    0.236061] pci 0000:00:01.1: legacy IDE quirk: reg 0x10: [io  0x01f0-0x01f7]
[    0.237440] pci 0000:00:01.1: legacy IDE quirk: reg 0x14: [io  0x03f6]
[    0.238733] pci 0000:00:01.1: legacy IDE quirk: reg 0x18: [io  0x0170-0x0177]
[    0.240005] pci 0000:00:01.1: legacy IDE quirk: reg 0x1c: [io  0x0376]
[    0.251493] pci 0000:00:07.0: quirk: [io  0x4000-0x403f] claimed by PIIX4 ACPI
[    0.252023] pci 0000:00:07.0: quirk: [io  0x4100-0x410f] claimed by PIIX4 SMB
[    0.258463] ACPI: PCI Interrupt Link [LNKA] (IRQs 5 9 10 *11)
[    0.260123] ACPI: PCI Interrupt Link [LNKB] (IRQs 5 9 *10 11)
[    0.261440] ACPI: PCI Interrupt Link [LNKC] (IRQs 5 *9 10 11)
[    0.262868] ACPI: PCI Interrupt Link [LNKD] (IRQs 5 9 10 *11)
[    0.264411] SCSI subsystem initialized
[    0.265675] pci 0000:00:02.0: vgaarb: setting as boot VGA device
[    0.267033] pci 0000:00:02.0: vgaarb: VGA device added: decodes=io+mem,owns=io+mem,locks=none
[    0.268008] pci 0000:00:02.0: vgaarb: bridge control possible
[    0.269185] vgaarb: loaded
[    0.269882] ACPI: bus type USB registered
[    0.270770] usbcore: registered new interface driver usbfs
[    0.272019] usbcore: registered new interface driver hub
[    0.273138] usbcore: registered new device driver usb
[    0.274342] EDAC MC: Ver: 3.0.0
[    0.276260] PCI: Using ACPI for IRQ routing
[    0.277367] NetLabel: Initializing
[    0.278119] NetLabel:  domain hash size = 128
[    0.279108] NetLabel:  protocols = UNLABELED CIPSOv4 CALIPSO
[    0.280000] NetLabel:  unlabeled traffic allowed by default
[    0.280134] clocksource: Switched to clocksource kvm-clock
[    0.301271] VFS: Disk quotas dquot_6.6.0
[    0.302089] VFS: Dquot-cache hash table entries: 512 (order 0, 4096 bytes)
[    0.303625] AppArmor: AppArmor Filesystem Enabled
[    0.304689] pnp: PnP ACPI init
[    0.306576] pnp: PnP ACPI: found 3 devices
[    0.313033] clocksource: acpi_pm: mask: 0xffffff max_cycles: 0xffffff, max_idle_ns: 2085701024 ns
[    0.314830] NET: Registered protocol family 2
[    0.315817] TCP established hash table entries: 4096 (order: 3, 32768 bytes)
[    0.317218] TCP bind hash table entries: 4096 (order: 4, 65536 bytes)
[    0.318439] TCP: Hash tables configured (established 4096 bind 4096)
[    0.319729] UDP hash table entries: 256 (order: 1, 8192 bytes)
[    0.320915] UDP-Lite hash table entries: 256 (order: 1, 8192 bytes)
[    0.322141] NET: Registered protocol family 1
[    0.323020] pci 0000:00:00.0: Limiting direct PCI/PCI transfers
[    0.324218] pci 0000:00:01.0: Activating ISA DMA hang workarounds
[    0.325462] pci 0000:00:02.0: Video device with shadowed ROM at [mem 0x000c0000-0x000dffff]
[    0.327202] Unpacking initramfs...
[    0.653827] Freeing initrd memory: 19752K
[    0.654895] clocksource: tsc: mask: 0xffffffffffffffff max_cycles: 0x19f2297dd97, max_idle_ns: 440795236593 ns
[    0.656930] platform rtc_cmos: registered platform RTC device (no PNP device found)
[    0.658506] Scanning for low memory corruption every 60 seconds
[    0.660084] Initialise system trusted keyrings
[    0.661062] Key type blacklist registered
[    0.661948] workingset: timestamp_bits=36 max_order=17 bucket_order=0
[    0.664211] zbud: loaded
[    0.665245] squashfs: version 4.0 (2009/01/31) Phillip Lougher
[    0.666573] fuse init (API version 7.26)
[    0.668741] Key type asymmetric registered
[    0.669788] Asymmetric key parser 'x509' registered
[    0.670820] Block layer SCSI generic (bsg) driver version 0.4 loaded (major 246)
[    0.672368] io scheduler noop registered
[    0.673190] io scheduler deadline registered
[    0.674108] io scheduler cfq registered (default)
[    0.675266] ACPI: AC Adapter [AC] (on-line)
[    0.676091] input: Power Button as /devices/LNXSYSTM:00/LNXPWRBN:00/input/input0
[    0.677569] ACPI: Power Button [PWRF]
[    0.678366] input: Sleep Button as /devices/LNXSYSTM:00/LNXSLPBN:00/input/input1
[    0.680061] ACPI: Sleep Button [SLPF]
[    0.681797] ACPI: Battery Slot [BAT0] (battery present)
[    0.682875] Serial: 8250/16550 driver, 32 ports, IRQ sharing enabled
[    0.704989] 00:02: ttyS0 at I/O 0x3f8 (irq = 4, base_baud = 115200) is a 16550A
[    0.707857] Linux agpgart interface v0.103
[    0.709731] loop: module loaded
[    0.710851] scsi host0: ata_piix
[    0.711771] scsi host1: ata_piix
[    0.712598] ata1: PATA max UDMA/33 cmd 0x1f0 ctl 0x3f6 bmdma 0xd000 irq 14
[    0.714004] ata2: PATA max UDMA/33 cmd 0x170 ctl 0x376 bmdma 0xd008 irq 15
[    0.715820] libphy: Fixed MDIO Bus: probed
[    0.716742] tun: Universal TUN/TAP device driver, 1.6
[    0.717712] PPP generic driver version 2.4.2
[    0.718638] ehci_hcd: USB 2.0 'Enhanced' Host Controller (EHCI) Driver
[    0.720110] ehci-pci: EHCI PCI platform driver
[    0.721049] ehci-platform: EHCI generic platform driver
[    0.722047] ohci_hcd: USB 1.1 'Open' Host Controller (OHCI) Driver
[    0.723162] ohci-pci: OHCI PCI platform driver
[    0.724002] ohci-platform: OHCI generic platform driver
[    0.725117] uhci_hcd: USB Universal Host Controller Interface driver
[    0.726415] i8042: PNP: PS/2 Controller [PNP0303:PS2K,PNP0f03:PS2M] at 0x60,0x64 irq 1,12
[    0.728546] serio: i8042 KBD port at 0x60,0x64 irq 1
[    0.729727] serio: i8042 AUX port at 0x60,0x64 irq 12
[    0.731009] mousedev: PS/2 mouse device common for all mice
[    0.732531] input: AT Translated Set 2 keyboard as /devices/platform/i8042/serio0/input/input2
[    0.734795] rtc_cmos rtc_cmos: rtc core: registered rtc_cmos as rtc0
[    0.736152] rtc_cmos rtc_cmos: alarms up to one day, 114 bytes nvram
[    0.737724] i2c /dev entries driver
[    0.738649] device-mapper: uevent: version 1.0.3
[    0.739692] device-mapper: ioctl: 4.37.0-ioctl (2017-09-20) initialised: dm-devel@redhat.com
[    0.741340] ledtrig-cpu: registered to indicate activity on CPUs
[    0.742561] intel_pmc_core:  initialized
[    0.743598] NET: Registered protocol family 10
[    0.747465] Segment Routing with IPv6
[    0.748353] NET: Registered protocol family 17
[    0.749422] Key type dns_resolver registered
[    0.750740] mce: Using 0 MCE banks
[    0.751498] RAS: Correctable Errors collector initialized.
[    0.752644] sched_clock: Marking stable (752614442, 0)->(922671272, -170056830)
[    0.754232] registered taskstats version 1
[    0.755158] Loading compiled-in X.509 certificates
[    0.758054] Loaded X.509 cert 'Build time autogenerated kernel key: a4ed3776674b1fc76878248053bb1a15dcee1c82'
[    0.759812] zswap: loaded using pool lzo/zbud
[    0.763622] Key type big_key registered
[    0.764478] Key type trusted registered
[    0.766900] Key type encrypted registered
[    0.767748] AppArmor: AppArmor sha1 policy hashing enabled
[    0.769081] ima: No TPM chip found, activating TPM-bypass! (rc=-19)
[    0.770566] ima: Allocated hash algorithm: sha1
[    0.771603] evm: HMAC attrs: 0x1
[    0.772711]   Magic number: 0:78:136
[    0.773591] rtc_cmos rtc_cmos: setting system clock to 2020-12-17 16:07:15 UTC (1608221235)
[    0.775425] BIOS EDD facility v0.16 2004-Jun-25, 0 devices found
[    0.776698] EDD information not available.
[    0.897485] Freeing unused kernel image memory: 2440K
[    0.908172] Write protecting the kernel read-only data: 20480k
[    0.910111] Freeing unused kernel image memory: 2008K
[    0.911544] Freeing unused kernel image memory: 1880K
[    0.920407] x86/mm: Checked W+X mappings: passed, no W+X pages found.
[    0.921602] x86/mm: Checking user space page tables
[    0.930212] x86/mm: Checked W+X mappings: passed, no W+X pages found.
Loading, please wait...
starting version 237
[    1.047854] e1000: Intel(R) PRO/1000 Network Driver - version 7.3.21-k8-NAPI
[    1.049318] e1000: Copyright (c) 1999-2006 Intel Corporation.
[    1.052736] Fusion MPT base driver 3.04.20
[    1.053566] Copyright (c) 1999-2008 LSI Corporation
[    1.066873] Fusion MPT SPI Host driver 3.04.20
[    1.082238] AVX2 version of gcm_enc/dec engaged.
[    1.083240] AES CTR mode by8 optimization enabled
[    1.263983] input: ImExPS/2 Generic Explorer Mouse as /devices/platform/i8042/serio1/input/input4
[    1.477212] e1000 0000:00:03.0 eth0: (PCI:33MHz:32-bit) 02:7d:29:b6:4b:3c
[    1.478667] e1000 0000:00:03.0 eth0: Intel(R) PRO/1000 Network Connection
[    1.481870] e1000 0000:00:03.0 enp0s3: renamed from eth0
[    1.484028] mptbase: ioc0: Initiating bringup
[    1.580604] ioc0: LSI53C1030 A0: Capabilities={Initiator}
[    1.823763] scsi host2: ioc0: LSI53C1030 A0, FwRev=00000000h, Ports=1, MaxQ=256, IRQ=20
[    1.992944] scsi 2:0:0:0: Direct-Access     VBOX     HARDDISK         1.0  PQ: 0 ANSI: 5
[    1.994832] scsi target2:0:0: Beginning Domain Validation
[    1.997155] random: fast init done
[    1.997977] scsi target2:0:0: Domain Validation skipping write tests
[    1.999171] scsi target2:0:0: Ending Domain Validation
[    2.000330] scsi target2:0:0: asynchronous
[    2.001475] scsi 2:0:1:0: Direct-Access     VBOX     HARDDISK         1.0  PQ: 0 ANSI: 5
[    2.003073] scsi target2:0:1: Beginning Domain Validation
[    2.004878] scsi target2:0:1: Domain Validation skipping write tests
[    2.006054] scsi target2:0:1: Ending Domain Validation
[    2.007035] scsi target2:0:1: asynchronous
[    2.012322] random: systemd-udevd: uninitialized urandom read (16 bytes read)
[    2.013631] random: systemd-udevd: uninitialized urandom read (16 bytes read)
[    2.014836] random: systemd-udevd: uninitialized urandom read (16 bytes read)
[    2.016906] sd 2:0:0:0: [sda] 20971520 512-byte logical blocks: (10.7 GB/10.0 GiB)
[    2.018415] sd 2:0:0:0: Attached scsi generic sg0 type 0
[    2.019569] sd 2:0:0:0: [sda] Write Protect is off
[    2.021082] sd 2:0:1:0: Attached scsi generic sg1 type 0
[    2.022196] sd 2:0:1:0: [sdb] 20480 512-byte logical blocks: (10.5 MB/10.0 MiB)
[    2.023553] sd 2:0:0:0: [sda] Incomplete mode parameter data
[    2.024589] sd 2:0:0:0: [sda] Assuming drive cache: write through
[    2.025676] sd 2:0:1:0: [sdb] Write Protect is off
[    2.027148] sd 2:0:1:0: [sdb] Incomplete mode parameter data
[    2.028786] sd 2:0:1:0: [sdb] Assuming drive cache: write through
[    2.035288]  sda: sda1
[    2.036809] sd 2:0:0:0: [sda] Attached SCSI disk
[    2.037841] sd 2:0:1:0: [sdb] Attached SCSI disk
Begin: Loading essential drivers ... [    3.552046] raid6: sse2x1   gen() 11411 MB/s
[    3.600147] raid6: sse2x1   xor()  8434 MB/s
[    3.648043] raid6: sse2x2   gen() 13331 MB/s
[    3.696322] raid6: sse2x2   xor()  9057 MB/s
[    3.744137] raid6: sse2x4   gen() 15915 MB/s
[    3.792243] raid6: sse2x4   xor() 10052 MB/s
[    3.840067] raid6: avx2x1   gen() 21978 MB/s
[    3.888389] raid6: avx2x1   xor() 15778 MB/s
[    3.936216] raid6: avx2x2   gen() 27432 MB/s
[    3.984037] raid6: avx2x2   xor() 17325 MB/s
[    4.032386] raid6: avx2x4   gen() 31390 MB/s
[    4.080197] raid6: avx2x4   xor() 19043 MB/s
[    4.081078] raid6: using algorithm avx2x4 gen() 31390 MB/s
[    4.082166] raid6: .... xor() 19043 MB/s, rmw enabled
[    4.083117] raid6: using avx2x2 recovery algorithm
[    4.085862] xor: automatically using best checksumming function   avx       
[    4.088728] async_tx: api initialized (async)
done.
Begin: Running /scripts/init-premount ... done.
Begin: Mounting root file system ... Begin: Running /scripts/local-top ... done.
Begin: Running /scripts/local-premount ... [    4.143705] Btrfs loaded, crc32c=crc32c-intel
Scanning for Btrfs filesystems
done.
Warning: fsck not present, so skipping root file system
[    4.186279] EXT4-fs (sda1): mounted filesystem with ordered data mode. Opts: (null)
done.
Begin: Running /scripts/local-bottom ... done.
Begin: Running /scripts/init-bottom ... done.
[    4.399411] ip_tables: (C) 2000-2006 Netfilter Core Team
[    4.412277] systemd[1]: systemd 237 running in system mode. (+PAM +AUDIT +SELINUX +IMA +APPARMOR +SMACK +SYSVINIT +UTMP +LIBCRYPTSETUP +GCRYPT +GNUTLS +ACL +XZ +LZ4 +SECCOMP +BLKID +ELFUTILS +KMOD -IDN2 +IDN -PCRE2 default-hierarchy=hybrid)
[    4.417376] systemd[1]: Detected virtualization oracle.
[    4.418384] systemd[1]: Detected architecture x86-64.

Welcome to [1mUbuntu 18.04.5 LTS[0m!

[    4.433599] systemd[1]: Set hostname to <ubuntu-bionic>.
[    4.765076] systemd[1]: Created slice User and Session Slice.
[[0;32m  OK  [0m] Created slice User and Session Slice.
[    4.776362] systemd[1]: Set up automount Arbitrary Executable File Formats File System Automount Point.
[[0;32m  OK  [0m] Set up automount Arbitrary Executabâ€¦rmats File System Automount Point.
[    4.778971] systemd[1]: Reached target System Time Synchronized.
[[0;32m  OK  [0m] Reached target System Time Synchronized.
[    4.792149] systemd[1]: Reached target Swap.
[[0;32m  OK  [0m] Reached target Swap.
[    4.805127] systemd[1]: Created slice System Slice.
[[0;32m  OK  [0m] Created slice System Slice.
[    4.816605] systemd[1]: Listening on Network Service Netlink Socket.
[[0;32m  OK  [0m] Listening on Network Service Netlink Socket.
[[0;32m  OK  [0m] Listening on Journal Socket.
         Starting Set the console keyboard layout...
         Starting Create list of required stâ€¦ce nodes for the current kernel...
[[0;32m  OK  [0m] Listening on Journal Socket (/dev/log).
[[0;32m  OK  [0m] Reached target Slices.
         Starting Uncomplicated firewall...
[[0;32m  OK  [0m] Listening on /dev/initctl Compatibility Named Pipe.
[[0;32m  OK  [0m] Listening on Device-mapper event daemon FIFOs.
[[0;32m  OK  [0m] Created slice system-serial\x2dgetty.slice.
[[0;32m  OK  [0m] Listening on LVM2 metadata daemon socket.
[[0;32m  OK  [0m] Created slice system-postgresql.slice.
[[0;32m  OK  [0m] Reached target User and Group Name Lookups.
         Mounting Kernel Debug File System...
         Starting Load Kernel Modules...
[[0;32m  OK  [0m] Listening on Journal Audit Socket.
         Mounting Huge Pages File System...
[[0;32m  OK  [0m] Listening on udev Control Socket.
[[0;32m  OK  [0m] Started Forward Password Requests to Wall Directory Watch.
         Mounting POSIX Message Queue File System...
[[0;32m  OK  [0m] Listening on Syslog Socket.
         Starting Journal Service...
[[0;32m  OK  [0m] Listening on udev Kernel Socket.
[    4.955969] Loading iSCSI transport class v2.0-870.
         Starting udev Coldplug all Devices...
         Starting Monitoring of LVM2 mirrorsâ€¦ng dmeventd or progress polling...
[[0;32m  OK  [0m] Listening on LVM2 poll daemon socket.
         Starting Remount Root and Kernel File Systems...
[[0;32m  OK  [0m] Started Create list of required staâ€¦vice nodes for the current kernel.
[[0;32m  OK  [0m] Started Uncomplicated firewall.
[[0;32m  OK  [0m] Mounted Kernel Debug File System.
[[0;32m  OK  [0m] Mounted Huge Pages File System.
[[0;32m  OK  [0m] Mounted POSIX Message Queue File System.
         Starting Create Static Device Nodes in /dev...
[[0;32m  OK  [0m] Started LVM2 metadata daemon.
[[0;32m  OK  [0m] Started Create Static Device Nodes in /dev.
[    5.087828] iscsi: registered transport (tcp)
[    5.119270] EXT4-fs (sda1): re-mounted. Opts: (null)
[[0;32m  OK  [0m] Started Remount Root and Kernel File Systems.
         Starting Load/Save Random Seed...
         Starting udev Kernel Device Manager...
[[0;32m  OK  [0m] Started Load/Save Random Seed.
[[0;32m  OK  [0m] Started udev Coldplug all Devices.
[[0;32m  OK  [0m] Started udev Kernel Device Manager.
[[0;32m  OK  [0m] Started Monitoring of LVM2 mirrors,â€¦sing dmeventd or progress polling.
[[0;32m  OK  [0m] Started Journal Service.
[    5.207245] iscsi: registered transport (iser)
[[0;32m  OK  [0m] Started Load Kernel Modules.
         Starting Apply Kernel Variables...
         Mounting FUSE Control File System...
         Mounting Kernel Configuration File System...
         Starting Flush Journal to Persistent Storage...
[[0;32m  OK  [0m] Started Set the console keyboard layout.
[[0;32m  OK  [0m] Started Apply Kernel Variables.
[[0;32m  OK  [0m] Mounted FUSE Control File System.
[[0;32m  OK  [0m] Mounted Kernel Configuration File System.
[[0;32m  OK  [0m] Started Dispatch Password Requests to Console Directory Watch.
[[0;32m  OK  [0m] Reached target Local Encrypted Volumes.
[[0;32m  OK  [0m] Reached target Local File Systems (Pre).
[[0;32m  OK  [0m] Reached target Local File Systems.
         Starting ebtables ruleset management...
         Starting AppArmor initialization...
         Starting Set console font and keymap...
         Starting Tell Plymouth To Write Out Runtime Data...
[[0;32m  OK  [0m] Started Set console font and keymap.
[[0;32m  OK  [0m] Started Tell Plymouth To Write Out Runtime Data.
[[0;32m  OK  [0m] Started ebtables ruleset management.
[[0;32m  OK  [0m] Started Flush Journal to Persistent Storage.
         Starting Create Volatile Files and Directories...
[[0;32m  OK  [0m] Started Create Volatile Files and Directories.
         Starting Update UTMP about System Boot/Shutdown...
[[0;32m  OK  [0m] Started Update UTMP about System Boot/Shutdown.
[[0;32m  OK  [0m] Started AppArmor initialization.
         Starting Load AppArmor profiles managed internally by snapd...
         Starting Initial cloud-init job (pre-networking)...
[[0;32m  OK  [0m] Started Load AppArmor profiles managed internally by snapd.
[[0;32m  OK  [0m] Found device /dev/ttyS0.
[[0;32m  OK  [0m] Listening on Load/Save RF Kill Switch Status /dev/rfkill Watch.
[    7.406845] cloud-init[523]: Cloud-init v. 20.3-2-g371b392c-0ubuntu1~18.04.1 running 'init-local' at Thu, 17 Dec 2020 16:07:21 +0000. Up 7.16 seconds.
[[0;32m  OK  [0m] Started Initial cloud-init job (pre-networking).
[[0;32m  OK  [0m] Reached target Network (Pre).
         Starting Network Service...
[[0;32m  OK  [0m] Started Network Service.
         Starting Network Name Resolution...
         Starting Wait for Network to be Configured...
[[0;32m  OK  [0m] Started Network Name Resolution.
[[0;32m  OK  [0m] Reached target Network.
[[0;32m  OK  [0m] Reached target Host and Network Name Lookups.
[[0;32m  OK  [0m] Started Wait for Network to be Configured.
         Starting Initial cloud-init job (metadata service crawler)...
[   10.041629] cloud-init[669]: Cloud-init v. 20.3-2-g371b392c-0ubuntu1~18.04.1 running 'init' at Thu, 17 Dec 2020 16:07:24 +0000. Up 9.80 seconds.
[   10.042557] cloud-init[669]: ci-info: ++++++++++++++++++++++++++++++++++++++Net device info++++++++++++++++++++++++++++++++++++++
[   10.043836] cloud-init[669]: ci-info: +--------+------+----------------------------+---------------+--------+-------------------+
[   10.046247] cloud-init[669]: ci-info: | Device |  Up  |          Address           |      Mask     | Scope  |     Hw-Address    |
[   10.048138] cloud-init[669]: ci-info: +--------+------+----------------------------+---------------+--------+-------------------+
[   10.050520] cloud-init[669]: ci-info: | enp0s3 | True |         10.0.2.15          | 255.255.255.0 | global | 02:7d:29:b6:4b:3c |
[   10.051398] cloud-init[669]: ci-info: | enp0s3 | True | fe80::7d:29ff:feb6:4b3c/64 |       .       |  link  | 02:7d:29:b6:4b:3c |
[   10.052695] cloud-init[669]: ci-info: |   lo   | True |         127.0.0.1          |   255.0.0.0   |  host  |         .         |
[   10.054254] cloud-init[669]: ci-info: |   lo   | True |          ::1/128           |       .       |  host  |         .         |
[   10.056177] cloud-init[669]: ci-info: +--------+------+----------------------------+---------------+--------+-------------------+
[   10.058466] cloud-init[669]: ci-info: ++++++++++++++++++++++++++++Route IPv4 info+++++++++++++++++++++++++++++
[   10.059898] cloud-init[669]: ci-info: +-------+-------------+----------+-----------------+-----------+-------+
[   10.061369] cloud-init[669]: ci-info: | Route | Destination | Gateway  |     Genmask     | Interface | Flags |
[   10.063653] cloud-init[669]: ci-info: +-------+-------------+----------+-----------------+-----------+-------+
[   10.065796] cloud-init[669]: ci-info: |   0   |   0.0.0.0   | 10.0.2.2 |     0.0.0.0     |   enp0s3  |   UG  |
[   10.070836] cloud-init[669]: ci-info: |   1   |   10.0.2.0  | 0.0.0.0  |  255.255.255.0  |   enp0s3  |   U   |
[   10.073398] cloud-init[669]: ci-info: |   2   |   10.0.2.2  | 0.0.0.0  | 255.255.255.255 |   enp0s3  |   UH  |
[   10.077621] cloud-init[669]: ci-info: +-------+-------------+----------+-----------------+-----------+-------+
[   10.080151] cloud-init[669]: ci-info: +++++++++++++++++++Route IPv6 info+++++++++++++++++++
[   10.085321] cloud-init[669]: ci-info: +-------+-------------+---------+-----------+-------+
[   10.096284] cloud-init[669]: ci-info: | Route | Destination | Gateway | Interface | Flags |
[   10.097408] cloud-init[669]: ci-info: +-------+-------------+---------+-----------+-------+
[   10.097992] cloud-init[669]: ci-info: |   1   |  fe80::/64  |    ::   |   enp0s3  |   U   |
[   10.098530] cloud-init[669]: ci-info: |   3   |    local    |    ::   |   enp0s3  |   U   |
[   10.099632] cloud-init[669]: ci-info: |   4   |   ff00::/8  |    ::   |   enp0s3  |   U   |
[   10.100862] cloud-init[669]: ci-info: +-------+-------------+---------+-----------+-------+
[[0;32m  OK  [0m] Started Initial cloud-init job (metadata service crawler).
[[0;32m  OK  [0m] Reached target Network is Online.
         Starting Availability of block devices...
[[0;32m  OK  [0m] Reached target Remote File Systems (Pre).
[[0;32m  OK  [0m] Reached target Remote File Systems.
[[0;32m  OK  [0m] Reached target System Initialization.
[[0;32m  OK  [0m] Started Daily Cleanup of Temporary Directories.
[[0;32m  OK  [0m] Listening on Open-iSCSI iscsid Socket.
[[0;32m  OK  [0m] Started ACPI Events Check.
[[0;32m  OK  [0m] Reached target Paths.
[[0;32m  OK  [0m] Started Discard unused blocks once a week.
[[0;32m  OK  [0m] Listening on ACPID Listen Socket.
[[0;32m  OK  [0m] Started Message of the Day.
[[0;32m  OK  [0m] Listening on D-Bus System Message Bus Socket.
         Starting LXD - unix socket.
[[0;32m  OK  [0m] Listening on UUID daemon activation socket.
[[0;32m  OK  [0m] Started Daily apt download activities.
[[0;32m  OK  [0m] Started Daily apt upgrade and clean activities.
[[0;32m  OK  [0m] Reached target Timers.
         Starting Socket activation for snappy daemon.
[[0;32m  OK  [0m] Reached target Cloud-config availability.
[[0;32m  OK  [0m] Started Availability of block devices.
[[0;32m  OK  [0m] Listening on LXD - unix socket.
[[0;32m  OK  [0m] Listening on Socket activation for snappy daemon.
[[0;32m  OK  [0m] Reached target Sockets.
[[0;32m  OK  [0m] Reached target Basic System.
         Starting Accounts Service...
         Starting LSB: automatic crash report generation...
         Starting OpenBSD Secure Shell server...
[[0;32m  OK  [0m] Started irqbalance daemon.
         Starting Permit User Sessions...
         Starting Login Service...
[[0;32m  OK  [0m] Started Regular background program processing daemon.
         Starting Snap Daemon...
         Starting System Logging Service...
         Starting LSB: Record successful boot for GRUB...
[[0;32m  OK  [0m] Started FUSE filesystem for LXC.
         Starting Dispatcher daemon for systemd-networkd...
[[0;32m  OK  [0m] Started Deferred execution scheduler.
         Starting PostgreSQL Cluster 12-main...
         Starting Virtualbox guest utils...
[[0;32m  OK  [0m] Started D-Bus System Message Bus.
[[0;32m  OK  [0m] Started Login Service.
         Starting LXD - container startup/shutdown...
         Starting Resets System Activity Data Collector...
[[0;32m  OK  [0m] Started Unattended Upgrades Shutdown.
[[0;32m  OK  [0m] Started System Logging Service.
[[0;32m  OK  [0m] Started Permit User Sessions.
         Starting Terminate Plymouth Boot Screen...
         Starting Hold until boot process finishes up...
[[0;32m  OK  [0m] Started Hold until boot process finishes up.
         Starting Set console scheme...
[[0;32m  OK  [0m] Started Serial Getty on ttyS0.
[[0;32m  OK  [0m] Started Terminate Plymouth Boot Screen.
[[0;32m  OK  [0m] Started OpenBSD Secure Shell server.
[[0;32m  OK  [0m] Started Resets System Activity Data Collector.
[[0;32m  OK  [0m] Started Set console scheme.
[[0;32m  OK  [0m] Created slice system-getty.slice.
[[0;32m  OK  [0m] Started Getty on tty1.
[[0;32m  OK  [0m] Reached target Login Prompts.
         Starting Authorization Manager...
[[0;32m  OK  [0m] Started LSB: automatic crash report generation.
[[0;32m  OK  [0m] Started LSB: Record successful boot for GRUB.
[[0;32m  OK  [0m] Started Authorization Manager.
[[0;32m  OK  [0m] Started Accounts Service.
[[0;32m  OK  [0m] Started Virtualbox guest utils.
[[0;32m  OK  [0m] Started LXD - container startup/shutdown.
[[0;32m  OK  [0m] Started Dispatcher daemon for systemd-networkd.
[[0;32m  OK  [0m] Started Snap Daemon.
         Starting Wait until snapd is fully seeded...
[[0;32m  OK  [0m] Started Wait until snapd is fully seeded.
         Starting Apply the settings specified in cloud-config...
[[0;32m  OK  [0m] Created slice User Slice of vagrant.
         Starting User Manager for UID 1000...
[[0;32m  OK  [0m] Started Session 1 of user vagrant.
[[0;32m  OK  [0m] Started User Manager for UID 1000.
[   13.249760] cloud-init[983]: Cloud-init v. 20.3-2-g371b392c-0ubuntu1~18.04.1 running 'modules:config' at Thu, 17 Dec 2020 16:07:27 +0000. Up 13.01 seconds.
[[0;32m  OK  [0m] Started Apply the settings specified in cloud-config.
[[0;32m  OK  [0m] Started PostgreSQL Cluster 12-main.
         Starting PostgreSQL RDBMS...
[[0;32m  OK  [0m] Started PostgreSQL RDBMS.
[[0;32m  OK  [0m] Reached target Multi-User System.
         Starting Execute cloud user/final scripts...
[[0;32m  OK  [0m] Reached target Graphical Interface.
         Starting Update UTMP about System Runlevel Changes...
[[0;32m  OK  [0m] Started Update UTMP about System Runlevel Changes.
[   15.105155] cloud-init[1185]: Cloud-init v. 20.3-2-g371b392c-0ubuntu1~18.04.1 running 'modules:final' at Thu, 17 Dec 2020 16:07:29 +0000. Up 14.85 seconds.
[   15.112560] cloud-init[1185]: Cloud-init v. 20.3-2-g371b392c-0ubuntu1~18.04.1 finished at Thu, 17 Dec 2020 16:07:29 +0000. Datasource DataSourceNoCloud [seed=/dev/sdb][dsmode=net].  Up 15.09 seconds
[[0;32m  OK  [0m] Started Execute cloud user/final scripts.
[[0;32m  OK  [0m] Reached target Cloud-init target.

Ubuntu 18.04.5 LTS ubuntu-bionic ttyS0

ubuntu-bionic login: [[0;32m  OK  [0m] Stopped Unattended Upgrades Shutdown.
[[0;32m  OK  [0m] Stopped target Host and Network Name Lookups.
         Stopping User Manager for UID 1000...
[[0;32m  OK  [0m] Closed Load/Save RF Kill Switch Status /dev/rfkill Watch.
         Stopping Session 6 of user vagrant.
[[0;32m  OK  [0m] Stopped target Timers.
[[0;32m  OK  [0m] Stopped Daily apt upgrade and clean activities.
[[0;32m  OK  [0m] Stopped Message of the Day.
[[0;32m  OK  [0m] Stopped Daily apt download activities.
         Stopping Authorization Manager...
[[0;32m  OK  [0m] Stopped target Cloud-init target.
[[0;32m  OK  [0m] Stopped Execute cloud user/final scripts.
[[0;32m  OK  [0m] Stopped Apply the settings specified in cloud-config.
[[0;32m  OK  [0m] Stopped Daily Cleanup of Temporary Directories.
[[0;32m  OK  [0m] Stopped target Network is Online.
[[0;32m  OK  [0m] Stopped Discard unused blocks once a week.
[[0;32m  OK  [0m] Stopped target System Time Synchronized.
         Stopping Availability of block devices...
[[0;32m  OK  [0m] Stopped target Cloud-config availability.
[[0;32m  OK  [0m] Stopped target Graphical Interface.
         Stopping Accounts Service...
[[0;32m  OK  [0m] Stopped target Multi-User System.
[[0;32m  OK  [0m] Stopped Wait until snapd is fully seeded.
         Stopping FUSE filesystem for LXC...
[[0;32m  OK  [0m] Stopped target Login Prompts.
         Stopping Getty on tty1...
         Stopping Serial Getty on ttyS0...
         Stopping Deferred execution scheduler...
[[0;32m  OK  [0m] Stopped Resets System Activity Data Collector.
[[0;32m  OK  [0m] Stopped PostgreSQL RDBMS.
         Stopping LXD - container startup/shutdown...
         Stopping LSB: automatic crash report generation...
         Stopping Regular background program processing daemon...
         Stopping LSB: Record successful boot for GRUB...
         Stopping Dispatcher daemon for systemd-networkd...
         Stopping D-Bus System Message Bus...
         Stopping System Logging Service...
         Stopping OpenBSD Secure Shell server...
         Stopping PostgreSQL Cluster 12-main...
         Stopping Virtualbox guest utils...
[[0;32m  OK  [0m] Unmounted /var/lib/lxcfs.
[[0;32m  OK  [0m] Stopped Accounts Service.
[[0;32m  OK  [0m] Stopped Regular background program processing daemon.
[[0;32m  OK  [0m] Stopped System Logging Service.
[[0;32m  OK  [0m] Stopped Dispatcher daemon for systemd-networkd.
[[0;32m  OK  [0m] Stopped Deferred execution scheduler.
[[0;32m  OK  [0m] Stopped OpenBSD Secure Shell server.
[[0;32m  OK  [0m] Stopped Serial Getty on ttyS0.
[[0;32m  OK  [0m] Stopped Getty on tty1.
[[0;32m  OK  [0m] Stopped Authorization Manager.
[[0;32m  OK  [0m] Stopped User Manager for UID 1000.
[[0;32m  OK  [0m] Stopped Availability of block devices.
[[0;32m  OK  [0m] Stopped D-Bus System Message Bus.
[[0;32m  OK  [0m] Stopped FUSE filesystem for LXC.
[[0;32m  OK  [0m] Stopped Session 6 of user vagrant.
[[0;32m  OK  [0m] Removed slice User Slice of vagrant.
         Stopping Login Service...
[[0;32m  OK  [0m] Removed slice system-getty.slice.
[[0;32m  OK  [0m] Removed slice system-serial\x2dgetty.slice.
         Stopping Permit User Sessions...
[[0;32m  OK  [0m] Stopped Login Service.
[[0;32m  OK  [0m] Stopped LXD - container startup/shutdown.
[[0;32m  OK  [0m] Stopped LSB: automatic crash report generation.
[[0;32m  OK  [0m] Stopped LSB: Record successful boot for GRUB.
[[0;32m  OK  [0m] Stopped Permit User Sessions.
[[0;32m  OK  [0m] Stopped target Remote File Systems.
[[0;32m  OK  [0m] Stopped target Remote File Systems (Pre).
[[0;32m  OK  [0m] Stopped target User and Group Name Lookups.
[[0;32m  OK  [0m] Stopped Virtualbox guest utils.
[[0;32m  OK  [0m] Stopped PostgreSQL Cluster 12-main.
[[0;32m  OK  [0m] Removed slice system-postgresql.slice.
[[0;32m  OK  [0m] Stopped target Basic System.
[[0;32m  OK  [0m] Stopped target Paths.
[[0;32m  OK  [0m] Stopped ACPI Events Check.
[[0;32m  OK  [0m] Stopped target Sockets.
[[0;32m  OK  [0m] Closed D-Bus System Message Bus Socket.
[[0;32m  OK  [0m] Closed Open-iSCSI iscsid Socket.
[[0;32m  OK  [0m] Closed UUID daemon activation socket.
[[0;32m  OK  [0m] Closed LXD - unix socket.
[[0;32m  OK  [0m] Closed Syslog Socket.
[[0;32m  OK  [0m] Closed Socket activation for snappy daemon.
[[0;32m  OK  [0m] Closed ACPID Listen Socket.
[[0;32m  OK  [0m] Stopped target System Initialization.
         Stopping Update UTMP about System Boot/Shutdown...
[[0;32m  OK  [0m] Stopped target Local Encrypted Volumes.
[[0;32m  OK  [0m] Stopped Forward Password Requests to Wall Directory Watch.
[[0;32m  OK  [0m] Stopped Dispatch Password Requests to Console Directory Watch.
[[0;32m  OK  [0m] Stopped Initial cloud-init job (metadata service crawler).
[[0;32m  OK  [0m] Stopped Wait for Network to be Configured.
         Stopping Load/Save Random Seed...
[[0;32m  OK  [0m] Stopped target Slices.
[[0;32m  OK  [0m] Removed slice User and Session Slice.
[[0;32m  OK  [0m] Stopped target Network.
         Stopping Network Name Resolution...
[[0;32m  OK  [0m] Stopped Load/Save Random Seed.
[[0;32m  OK  [0m] Stopped Network Name Resolution.
[[0;32m  OK  [0m] Stopped Update UTMP about System Boot/Shutdown.
[[0;32m  OK  [0m] Stopped Create Volatile Files and Directories.
[[0;32m  OK  [0m] Stopped target Local File Systems.
         Unmounting /run/user/1000...
         Stopping Network Service...
[[0;32m  OK  [0m] Unmounted /run/user/1000.
[[0;32m  OK  [0m] Stopped Network Service.
[[0;32m  OK  [0m] Stopped target Network (Pre).
[[0;32m  OK  [0m] Stopped Initial cloud-init job (pre-networking).
[[0;32m  OK  [0m] Stopped Apply Kernel Variables.
[[0;32m  OK  [0m] Stopped Load Kernel Modules.
[[0;32m  OK  [0m] Reached target Unmount All Filesystems.
[[0;32m  OK  [0m] Stopped target Local File Systems (Pre).
         Stopping Monitoring of LVM2 mirrorsâ€¦ng dmeventd or progress polling...
[[0;32m  OK  [0m] Stopped Create Static Device Nodes in /dev.
[[0;32m  OK  [0m] Stopped Remount Root and Kernel File Systems.
[[0;32m  OK  [0m] Stopped target Swap.
[[0;32m  OK  [0m] Reached target Shutdown.
[[0;32m  OK  [0m] Reached target Final Step.
         Starting Power-Off...
[[0;32m  OK  [0m] Stopped Monitoring of LVM2 mirrors,â€¦sing dmeventd or progress polling.
         Stopping LVM2 metadata daemon...
[ 1241.062560] reboot: Power down
